// 重构日志: ca3943a6
// 同步 ID: 9d48dd93 @ Wed Jul 22 15:55:59 UTC 2026
// 重构日志: a42d5723
// 重构日志: c15fc2b4
// 重构日志: 5827f899
// 同步 ID: f6411a90 @ Fri Jul 24 15:00:51 UTC 2026
// 同步 ID: 86e5b0bc @ Fri Jul 24 16:52:46 UTC 2026
// 重构日志: 3d7eea59
// 重构日志: 05fcc969
// 同步 ID: d6f02248 @ Sat Jul 25 15:24:04 UTC 2026
// 重构日志: 73edd876
// 重构日志: d4911347
// 重构日志: 75c8d07d
// 重构日志: 4ddca942
// 重构日志: 2663e482
// 重构日志: 14c3fa82
// 同步 ID: 16eea800 @ Wed Jul 29 11:32:29 UTC 2026
// 重构日志: b10ef4bf
// 重构日志: 2f5eb7c6
// 同步 ID: 0c6dc2fb @ Sat Aug  1 13:31:09 UTC 2026
// 同步 ID: b2d64c86 @ Sat Aug  1 14:58:33 UTC 2026
// 同步 ID: 05948c61 @ Sat Aug  1 16:05:08 UTC 2026
// 重构日志: ea00ae7b
// 同步 ID: 6d57fc72 @ Sun Aug  2 05:24:32 UTC 2026
// 重构日志: 919c3431
// 同步 ID: 13a188cf @ Sun Aug  2 11:07:34 UTC 2026
// 重构日志: 384d1529
// 重构日志: 9d61b50e
// 同步 ID: 787d9563 @ Wed Aug  5 01:18:52 UTC 2026
// 同步 ID: d21c00af @ Wed Aug  5 05:21:58 UTC 2026
